| S3-new.hcl:11:1:13:1 | resource aws_s3_bucket example2 | Public S3 Bucket resource |
| S3-old.hcl:5:1:9:1 | resource aws_s3_bucket data2 | Public S3 Bucket resource |
