| ecs.yml:27:13:31:6 | - Name: ... KEY_ID' | Containers must not pass secret thorugh environment variables |
