| ecs.yml:41:5:47:2 | CloudFormation ECS Cluster | ECS Cluster should have cluster settings enabled |