| storage.tf:9:1:15:1 | resource azurerm_storage_container insecure-storage-container | Azure Storage is Public |
| storage.tf:18:1:28:1 | resource azurerm_storage_account insecure-storage-account | Azure Storage is Public |
