| ecs.yml:9:5:40:2 | CloudFormation ECS Task Definition | PidMode should be "task" for ECS tasks |