| ecs.yml:11:7:40:2 | CloudFormation Resource Properties | ContainerDefinitions must be explictly configured privileged mode to false |