| ecs.yml:9:5:42:2 | CloudFormation ECS Task Definition | ContainerDefinitions must not run as root or be privileged when networkmode Host is used |
