| sample.hcl:1:1:1:9 | Identifier |
| sample.hcl:1:1:10:1 | terraform |
| sample.hcl:1:1:32:1 | ??? |
| sample.hcl:1:1:32:1 | ??? |
| sample.hcl:2:3:2:20 | Identifier |
| sample.hcl:2:3:7:3 | required_providers |
| sample.hcl:2:3:9:31 | ??? |
| sample.hcl:3:5:3:11 | Identifier |
| sample.hcl:3:5:6:5 | ??? |
| sample.hcl:3:5:6:5 | Attribute |
| sample.hcl:3:15:6:5 | RequiredProvider azurerm |
| sample.hcl:4:7:4:12 | Identifier |
| sample.hcl:4:7:4:12 | source |
| sample.hcl:4:7:4:35 | ObjectElement |
| sample.hcl:4:17:4:35 | hashicorp/azurerm |
| sample.hcl:4:18:4:34 | Expr |
| sample.hcl:5:7:5:13 | Identifier |
| sample.hcl:5:7:5:13 | version |
| sample.hcl:5:7:5:26 | ObjectElement |
| sample.hcl:5:17:5:26 | ~> 3.0.2 |
| sample.hcl:5:18:5:25 | Expr |
| sample.hcl:9:3:9:18 | Identifier |
| sample.hcl:9:3:9:31 | Attribute |
| sample.hcl:9:22:9:31 | >= 1.1.0 |
| sample.hcl:9:23:9:30 | Expr |
| sample.hcl:12:1:12:8 | Identifier |
| sample.hcl:12:1:14:1 | variable |
| sample.hcl:12:10:12:20 | disk_size |
| sample.hcl:12:11:12:19 | Expr |
| sample.hcl:13:3:13:9 | Identifier |
| sample.hcl:13:3:13:15 | ??? |
| sample.hcl:13:3:13:15 | Attribute |
| sample.hcl:13:13:13:15 | 1 |
| sample.hcl:13:14:13:14 | Expr |
| sample.hcl:16:1:16:8 | Identifier |
| sample.hcl:16:1:18:1 | provider |
| sample.hcl:16:10:16:18 | azurerm |
| sample.hcl:16:11:16:17 | Expr |
| sample.hcl:17:3:17:10 | Identifier |
| sample.hcl:17:3:17:13 | ??? |
| sample.hcl:17:3:17:13 | features |
| sample.hcl:20:1:20:8 | Identifier |
| sample.hcl:20:1:23:1 | resource azurerm_resource_group rg |
| sample.hcl:20:10:20:33 | azurerm_resource_group |
| sample.hcl:20:11:20:32 | Expr |
| sample.hcl:20:35:20:38 | rg |
| sample.hcl:20:36:20:37 | Expr |
| sample.hcl:21:3:21:6 | Identifier |
| sample.hcl:21:3:21:32 | Attribute |
| sample.hcl:21:3:22:22 | ??? |
| sample.hcl:21:14:21:32 | myTFResourceGroup |
| sample.hcl:21:15:21:31 | Expr |
| sample.hcl:22:3:22:10 | Identifier |
| sample.hcl:22:3:22:22 | Attribute |
| sample.hcl:22:14:22:22 | westus2 |
| sample.hcl:22:15:22:21 | Expr |
| sample.hcl:25:1:25:8 | Identifier |
| sample.hcl:25:1:32:1 | resource azurerm_managed_disk example1 |
| sample.hcl:25:10:25:31 | azurerm_managed_disk |
| sample.hcl:25:11:25:30 | Expr |
| sample.hcl:25:33:25:42 | example1 |
| sample.hcl:25:34:25:41 | Expr |
| sample.hcl:26:3:26:6 | Identifier |
| sample.hcl:26:3:26:36 | Attribute |
| sample.hcl:26:3:31:38 | ??? |
| sample.hcl:26:26:26:36 | acctestmd |
| sample.hcl:26:27:26:35 | Expr |
| sample.hcl:27:3:27:10 | Identifier |
| sample.hcl:27:3:27:64 | Attribute |
| sample.hcl:27:26:27:47 | Identifier |
| sample.hcl:27:26:27:47 | azurerm_resource_group |
| sample.hcl:27:26:27:55 | azurerm_resource_group.example |
| sample.hcl:27:26:27:64 | azurerm_resource_group.example.location |
| sample.hcl:27:49:27:55 | Identifier |
| sample.hcl:27:57:27:64 | Identifier |
| sample.hcl:28:3:28:21 | Identifier |
| sample.hcl:28:3:28:60 | Attribute |
| sample.hcl:28:26:28:47 | Identifier |
| sample.hcl:28:26:28:47 | azurerm_resource_group |
| sample.hcl:28:26:28:55 | azurerm_resource_group.example |
| sample.hcl:28:26:28:60 | azurerm_resource_group.example.name |
| sample.hcl:28:49:28:55 | Identifier |
| sample.hcl:28:57:28:60 | Identifier |
| sample.hcl:29:3:29:22 | Identifier |
| sample.hcl:29:3:29:39 | Attribute |
| sample.hcl:29:26:29:39 | Standard_LRS |
| sample.hcl:29:27:29:38 | Expr |
| sample.hcl:30:3:30:15 | Identifier |
| sample.hcl:30:3:30:32 | Attribute |
| sample.hcl:30:26:30:32 | Empty |
| sample.hcl:30:27:30:31 | Expr |
| sample.hcl:31:3:31:14 | Identifier |
| sample.hcl:31:3:31:38 | Attribute |
| sample.hcl:31:26:31:28 | Identifier |
| sample.hcl:31:26:31:28 | var |
| sample.hcl:31:26:31:38 | var.disk_size |
| sample.hcl:31:30:31:38 | Identifier |
